// Vitest Snapshot v1, https://vitest.dev/guide/snapshot.html

exports[`Cloudflare Environment > D1 should contain Adults 1`] = `"Adults"`;

exports[`Cloudflare Environment > D1 should contain Dog_To_Group_Photos 1`] = `"Dog_To_Group_Photos"`;

exports[`Cloudflare Environment > D1 should contain Dogs 1`] = `"Dogs"`;

exports[`Cloudflare Environment > D1 should contain Families 1`] = `"Families"`;

exports[`Cloudflare Environment > D1 should contain Headshots_Lg 1`] = `"Headshots_Lg"`;

exports[`Cloudflare Environment > D1 should contain Headshots_Sm 1`] = `"Headshots_Sm"`;

exports[`Cloudflare Environment > D1 should contain Litters 1`] = `"Litters"`;

exports[`Cloudflare Environment > D1 should contain Puppies 1`] = `"Puppies"`;
