// Vitest Snapshot v1, https://vitest.dev/guide/snapshot.html

exports[`tabMenu > should render correctly 1`] = `
<TabMenu
  initial="initial"
  menuItems={
    Map {
      {
        "0": "jobHistory",
        "1": "initial",
        "2": "contributions",
        "3": "hobbies",
        "contributions": 2,
        "hobbies": 3,
        "initial": 1,
        "jobHistory": 0,
      } => [
        {
          "component": <div>
            jobHistory
          </div>,
          "id": 0,
          "title": "jobHistory",
        },
        {
          "component": <div>
            initial
          </div>,
          "id": 1,
          "title": "initial",
        },
        {
          "component": <div>
            contributions
          </div>,
          "id": 2,
          "title": "contributions",
        },
        {
          "component": <div>
            hobbies
          </div>,
          "id": 3,
          "title": "hobbies",
        },
      ],
    }
  }
/>
`;
